// Jest Snapshot v1, https://goo.gl/fbAQLP

exports[`Input component matches snapshot 1`] = `
<TextInput
  onChangeText={
    [MockFunction] {
      "calls": [
        [
          "Test input value",
        ],
      ],
      "results": [
        {
          "type": "return",
          "value": undefined,
        },
      ],
    }
  }
  placeholder="Test placeholder"
  style={
    {
      "borderBottomColor": "black",
      "borderBottomWidth": 1,
      "fontSize": 16,
      "marginBottom": 20,
      "width": 37,
    }
  }
/>
`;
